sip_mac_engine_sgmii.vhd
..\vhdl\brd_packet_engine.vhd
..\vhdl\brd_clocks.vhd
..\vhdl\eth_mdio.vhd
..\vhdl\ge_mac_stream.vhd
..\vhdl\gmii_eth_rx_stream.vhd
..\vhdl\crc32.v
..\vhdl\eth_filter.vhd
..\vhdl\eth_rx_crc.v
..\vhdl\eth_rx_stream_buf.vhd
..\vhdl\eth_tx_crc.v
..\vhdl\v7\mac_engine.vhd
..\vhdl\v7\gmii_eth_tx_stream.vhd
..\vhdl\v7\xilinx\pll0.xco
..\vhdl\v7\xilinx\pll0.vhd
..\vhdl\v7\xilinx\fifo_64_to_8.ngc
..\vhdl\v7\xilinx\fifo_64_to_8.vhd
..\vhdl\v7\xilinx\afifo.ngc
..\vhdl\v7\xilinx\afifo.vhd
..\vhdl\rst_gen.vhd
..\vhdl\v7\gig_eth_pcs_pma_v11_2\clk_gen.v                                                      
..\vhdl\v7\gig_eth_pcs_pma_v11_2\gig_eth_pcs_pma_v11_2.ngc                       
..\vhdl\v7\gig_eth_pcs_pma_v11_2\gig_eth_pcs_pma_v11_2.xco                       
..\vhdl\v7\gig_eth_pcs_pma_v11_2\gig_eth_pcs_pma_v11_2_block.v         
..\vhdl\v7\gig_eth_pcs_pma_v11_2\gig_eth_pcs_pma_v11_2_mod.v           
..\vhdl\v7\gig_eth_pcs_pma_v11_2\gtwizard.v                            
..\vhdl\v7\gig_eth_pcs_pma_v11_2\gtwizard_gt.v                         
..\vhdl\v7\gig_eth_pcs_pma_v11_2\johnson_cntr.v                        
..\vhdl\v7\gig_eth_pcs_pma_v11_2\reset_sync.v                          
..\vhdl\v7\gig_eth_pcs_pma_v11_2\reset_sync2.v                          
..\vhdl\v7\gig_eth_pcs_pma_v11_2\rx_elastic_buffer.v                   
..\vhdl\v7\gig_eth_pcs_pma_v11_2\rx_rate_adapt.v                       
..\vhdl\v7\gig_eth_pcs_pma_v11_2\sgmii_adapt.v                         
..\vhdl\v7\gig_eth_pcs_pma_v11_2\sync_block.v                          
..\vhdl\v7\gig_eth_pcs_pma_v11_2\transceiver.v                         
..\vhdl\v7\gig_eth_pcs_pma_v11_2\tx_rate_adapt.v                       
                                                                          
                                                                          
                                                                                    
                                                                                    